name,email
"John Doe",john@email.com
"Jane Doe",jane@email.com
